[A PART1] line 0 --- XXXXXXXX[B PART1] line 0 --- 1111111122222222 END_B
[B PART1] line 1 --- 11111111YYYYYYYY END_A
[A PART1] line 1 --- XXXXXXXX22222222 END_B
[B PART1] line 2 --- 11111111YYYYYYYY END_A
[A PART1] line 2 --- XXXXXXXX22222222 END_B
[B PART1] line 3 --- 11111111YYYYYYYY END_A
[A PART1] line 3 --- XXXXXXXX22222222 END_B
[B PART1] line 4 --- 11111111YYYYYYYY END_A
[A PART1] line 4 --- XXXXXXXX22222222 END_B
[B PART1] line 5 --- 11111111YYYYYYYY END_A
[A PART1] line 5 --- XXXXXXXX22222222 END_B
[B PART1] line 6 --- 11111111YYYYYYYY END_A
[A PART1] line 6 --- XXXXXXXX22222222 END_B
[B PART1] line 7 --- 11111111YYYYYYYY END_A
[A PART1] line 7 --- XXXXXXXX22222222 END_B
[B PART1] line 8 --- 11111111YYYYYYYY END_A
[A PART1] line 8 --- XXXXXXXX22222222 END_B
[B PART1] line 9 --- 11111111YYYYYYYY END_A
[A PART1] line 9 --- XXXXXXXXYYYYYYYY END_A
22222222 END_B
